// Jest Snapshot v1, https://goo.gl/fbAQLP

exports[`Footer CSS and Markup renders footer markup as expected 1`] = `
"<footer>
    <p>Vers√£o: 5.2.0 - 0.26.165</p>
  </footer>"
`;
