// Jest Snapshot v1, https://goo.gl/fbAQLP

exports[`Footer CSS and Markup renders footer markup as expected 1`] = `
"<footer>
    <p>Vers√£o: 2.4.0 - 0.0.97</p>
  </footer>"
`;
